  138 passed (4.7m)
